  Expression currently specified: ?
  Report: Expression is initialized.
->divide
  Expression currently specified: (? / nil)
  Report: OK.
->integer_constant(1)
  Expression currently specified: (1 / ?)
  Report: OK.
->multiply
  Expression currently specified: (1 / (? * nil))
  Report: OK.
->integer_constant(5)
  Expression currently specified: (1 / (5 * ?))
  Report: OK.
->integer_constant(0)
  Expression currently specified: (1 / (5 * 0))
  Report: OK.
->type_check
  Expression currently specified: (1 / (5 * 0))
  Report: (1 / (5 * 0)) is type-correct.
->evaluate
  Expression currently specified: (1 / (5 * 0))
  Report: Error (Divisor is zero).
