  Expression currently specified: ?
  Report: Expression is initialized.
->divide
  Expression currently specified: (? / nil)
  Report: OK.
->integer_constant(-100)
  Expression currently specified: (-100 / ?)
  Report: OK.
->integer_constant(-1)
  Expression currently specified: (-100 / -1)
  Report: OK.
->type_check
  Expression currently specified: (-100 / -1)
  Report: (-100 / -1) is type-correct.
->evaluate
  Expression currently specified: (-100 / -1)
  Report: 100
->divide
  Expression currently specified: (-100 / -1)
  Report: Error (Expression is already fully specified).
->reset
  Expression currently specified: ?
  Report: OK.
->divide
  Expression currently specified: (? / nil)
  Report: OK.
->type_check
  Expression currently specified: (? / nil)
  Report: Error (Expression is not yet fully specified).
->evaluate
  Expression currently specified: (? / nil)
  Report: Error (Expression is not yet fully specified).
->integer_constant(-100)
  Expression currently specified: (-100 / ?)
  Report: OK.
->integer_constant(89)
  Expression currently specified: (-100 / 89)
  Report: OK.
->evaluate
  Expression currently specified: (-100 / 89)
  Report: -1
->reset
  Expression currently specified: ?
  Report: OK.
->subtract
  Expression currently specified: (? - nil)
  Report: OK.
->subtract
  Expression currently specified: ((? - nil) - nil)
  Report: OK.
->integer_constant(-10)
  Expression currently specified: ((-10 - ?) - nil)
  Report: OK.
->integer_constant(1)
  Expression currently specified: ((-10 - 1) - ?)
  Report: OK.
->integer_constant(-10)
  Expression currently specified: ((-10 - 1) - -10)
  Report: OK.
->type_check
  Expression currently specified: ((-10 - 1) - -10)
  Report: ((-10 - 1) - -10) is type-correct.
->evaluate
  Expression currently specified: ((-10 - 1) - -10)
  Report: -1
