  Expression currently specified: ?
  Report: Expression is initialized.
->type_check
  Expression currently specified: ?
  Report: Error (Expression is not yet fully specified).
->union
  Expression currently specified: (? \/ nil)
  Report: OK.
->open_set_enumeration
  Expression currently specified: ({?} \/ nil)
  Report: OK.
->boolean_constant(True)
  Expression currently specified: ({True, ?} \/ nil)
  Report: OK.
->open_set_enumeration
  Expression currently specified: ({True, {?}} \/ nil)
  Report: OK.
->integer_constant(4)
  Expression currently specified: ({True, {4, ?}} \/ nil)
  Report: OK.
->integer_constant(3)
  Expression currently specified: ({True, {4, 3, ?}} \/ nil)
  Report: OK.
->close_set_enumeration
  Expression currently specified: ({True, {4, 3}, ?} \/ nil)
  Report: OK.
->integer_constant(1)
  Expression currently specified: ({True, {4, 3}, 1, ?} \/ nil)
  Report: OK.
->close_set_enumeration
  Expression currently specified: ({True, {4, 3}, 1} \/ ?)
  Report: OK.
->open_set_enumeration
  Expression currently specified: ({True, {4, 3}, 1} \/ {?})
  Report: OK.
->open_set_enumeration
  Expression currently specified: ({True, {4, 3}, 1} \/ {{?}})
  Report: OK.
->open_set_enumeration
  Expression currently specified: ({True, {4, 3}, 1} \/ {{{?}}})
  Report: OK.
->boolean_constant(False)
  Expression currently specified: ({True, {4, 3}, 1} \/ {{{False, ?}}})
  Report: OK.
->close_set_enumeration
  Expression currently specified: ({True, {4, 3}, 1} \/ {{{False}, ?}})
  Report: OK.
->close_set_enumeration
  Expression currently specified: ({True, {4, 3}, 1} \/ {{{False}}, ?})
  Report: OK.
->close_set_enumeration
  Expression currently specified: ({True, {4, 3}, 1} \/ {{{False}}})
  Report: OK.
->type_check
  Expression currently specified: ({True, {4, 3}, 1} \/ {{{False}}})
  Report: ({True, {4, 3}, 1} \/ {{{False}}}) is not type-correct.
->evaluate
  Expression currently specified: ({True, {4, 3}, 1} \/ {{{False}}})
  Report: Error (Expression is not type-correct).
