  Expression currently specified: ?
  Report: Expression is initialized.
->negation
  Expression currently specified: (! ?)
  Report: OK.
->imply
  Expression currently specified: (! (? => nil))
  Report: OK.
->boolean_constant(True)
  Expression currently specified: (! (True => ?))
  Report: OK.
->boolean_constant(False)
  Expression currently specified: (! (True => False))
  Report: OK.
->type_check
  Expression currently specified: (! (True => False))
  Report: (! (True => False)) is type-correct.
->evaluate
  Expression currently specified: (! (True => False))
  Report: True
->reset
  Expression currently specified: ?
  Report: OK.
->negation
  Expression currently specified: (! ?)
  Report: OK.
->imply
  Expression currently specified: (! (? => nil))
  Report: OK.
->boolean_constant(False)
  Expression currently specified: (! (False => ?))
  Report: OK.
->boolean_constant(True)
  Expression currently specified: (! (False => True))
  Report: OK.
->type_check
  Expression currently specified: (! (False => True))
  Report: (! (False => True)) is type-correct.
->evaluate
  Expression currently specified: (! (False => True))
  Report: False
->reset
  Expression currently specified: ?
  Report: OK.
->negation
  Expression currently specified: (! ?)
  Report: OK.
->imply
  Expression currently specified: (! (? => nil))
  Report: OK.
->boolean_constant(False)
  Expression currently specified: (! (False => ?))
  Report: OK.
->boolean_constant(False)
  Expression currently specified: (! (False => False))
  Report: OK.
->type_check
  Expression currently specified: (! (False => False))
  Report: (! (False => False)) is type-correct.
->evaluate
  Expression currently specified: (! (False => False))
  Report: False
->reset
  Expression currently specified: ?
  Report: OK.
->negation
  Expression currently specified: (! ?)
  Report: OK.
->imply
  Expression currently specified: (! (? => nil))
  Report: OK.
->boolean_constant(True)
  Expression currently specified: (! (True => ?))
  Report: OK.
->boolean_constant(True)
  Expression currently specified: (! (True => True))
  Report: OK.
->type_check
  Expression currently specified: (! (True => True))
  Report: (! (True => True)) is type-correct.
->evaluate
  Expression currently specified: (! (True => True))
  Report: False
