  Expression currently specified: ?
  Report: Expression is initialized.
->open_set_enumeration
  Expression currently specified: {?}
  Report: OK.
->open_set_enumeration
  Expression currently specified: {{?}}
  Report: OK.
->integer_constant(1)
  Expression currently specified: {{1, ?}}
  Report: OK.
->boolean_constant(False)
  Expression currently specified: {{1, False, ?}}
  Report: OK.
->close_set_enumeration
  Expression currently specified: {{1, False}, ?}
  Report: OK.
->open_set_enumeration
  Expression currently specified: {{1, False}, {?}}
  Report: OK.
->integer_constant(1)
  Expression currently specified: {{1, False}, {1, ?}}
  Report: OK.
->boolean_constant(False)
  Expression currently specified: {{1, False}, {1, False, ?}}
  Report: OK.
->close_set_enumeration
  Expression currently specified: {{1, False}, {1, False}, ?}
  Report: OK.
->close_set_enumeration
  Expression currently specified: {{1, False}, {1, False}}
  Report: OK.
->evaluate
  Expression currently specified: {{1, False}, {1, False}}
  Report: Error (Expression is not type-correct).
->reset
  Expression currently specified: ?
  Report: OK.
->reset
  Expression currently specified: ?
  Report: Error (Initial expression cannot be reset).
->close_set_enumeration
  Expression currently specified: ?
  Report: Error (Set enumeration is not being specified).
