  Expression currently specified: ?
  Report: Expression is initialized.
->divide
  Expression currently specified: (? / nil)
  Report: OK.
->divide
  Expression currently specified: ((? / nil) / nil)
  Report: OK.
->integer_constant(1)
  Expression currently specified: ((1 / ?) / nil)
  Report: OK.
->integer_constant(0)
  Expression currently specified: ((1 / 0) / ?)
  Report: OK.
->divide
  Expression currently specified: ((1 / 0) / (? / nil))
  Report: OK.
->integer_constant(-5)
  Expression currently specified: ((1 / 0) / (-5 / ?))
  Report: OK.
->integer_constant(-10)
  Expression currently specified: ((1 / 0) / (-5 / -10))
  Report: OK.
->type_check
  Expression currently specified: ((1 / 0) / (-5 / -10))
  Report: ((1 / 0) / (-5 / -10)) is type-correct.
->evaluate
  Expression currently specified: ((1 / 0) / (-5 / -10))
  Report: Error (Divisor is zero).
