  Expression currently specified: ?
  Report: Expression is initialized.
->conjoin
  Expression currently specified: (? && nil)
  Report: OK.
->conjoin
  Expression currently specified: ((? && nil) && nil)
  Report: OK.
->boolean_constant(True)
  Expression currently specified: ((True && ?) && nil)
  Report: OK.
->conjoin
  Expression currently specified: ((True && (? && nil)) && nil)
  Report: OK.
->boolean_constant(True)
  Expression currently specified: ((True && (True && ?)) && nil)
  Report: OK.
->boolean_constant(False)
  Expression currently specified: ((True && (True && False)) && ?)
  Report: OK.
->conjoin
  Expression currently specified: ((True && (True && False)) && (? && nil))
  Report: OK.
->boolean_constant(True)
  Expression currently specified: ((True && (True && False)) && (True && ?))
  Report: OK.
->boolean_constant(True)
  Expression currently specified: ((True && (True && False)) && (True && True))
  Report: OK.
->type_check
  Expression currently specified: ((True && (True && False)) && (True && True))
  Report: ((True && (True && False)) && (True && True)) is type-correct.
->evaluate
  Expression currently specified: ((True && (True && False)) && (True && True))
  Report: False
