  Expression currently specified: ?
  Report: Expression is initialized.
->conjoin
  Expression currently specified: (? && nil)
  Report: OK.
->disjoin
  Expression currently specified: ((? || nil) && nil)
  Report: OK.
->less_than
  Expression currently specified: (((? < nil) || nil) && nil)
  Report: OK.
->integer_constant(3)
  Expression currently specified: (((3 < ?) || nil) && nil)
  Report: OK.
->integer_constant(-1)
  Expression currently specified: (((3 < -1) || ?) && nil)
  Report: OK.
->greater_than
  Expression currently specified: (((3 < -1) || (? > nil)) && nil)
  Report: OK.
->boolean_constant(True)
  Expression currently specified: (((3 < -1) || (True > ?)) && nil)
  Report: OK.
->integer_constant(3)
  Expression currently specified: (((3 < -1) || (True > 3)) && ?)
  Report: OK.
->disjoin
  Expression currently specified: (((3 < -1) || (True > 3)) && (? || nil))
  Report: OK.
->less_than
  Expression currently specified: (((3 < -1) || (True > 3)) && ((? < nil) || nil))
  Report: OK.
->sum
  Expression currently specified: (((3 < -1) || (True > 3)) && (((+ ?) < nil) || nil))
  Report: OK.
->open_set_enumeration
  Expression currently specified: (((3 < -1) || (True > 3)) && (((+ {?}) < nil) || nil))
  Report: OK.
->integer_constant(-3)
  Expression currently specified: (((3 < -1) || (True > 3)) && (((+ {-3, ?}) < nil) || nil))
  Report: OK.
->close_set_enumeration
  Expression currently specified: (((3 < -1) || (True > 3)) && (((+ {-3}) < ?) || nil))
  Report: OK.
->sum
  Expression currently specified: (((3 < -1) || (True > 3)) && (((+ {-3}) < (+ ?)) || nil))
  Report: OK.
->open_set_enumeration
  Expression currently specified: (((3 < -1) || (True > 3)) && (((+ {-3}) < (+ {?})) || nil))
  Report: OK.
->integer_constant(1)
  Expression currently specified: (((3 < -1) || (True > 3)) && (((+ {-3}) < (+ {1, ?})) || nil))
  Report: OK.
->close_set_enumeration
  Expression currently specified: (((3 < -1) || (True > 3)) && (((+ {-3}) < (+ {1})) || ?))
  Report: OK.
->greater_than
  Expression currently specified: (((3 < -1) || (True > 3)) && (((+ {-3}) < (+ {1})) || (? > nil)))
  Report: OK.
->integer_constant(-3)
  Expression currently specified: (((3 < -1) || (True > 3)) && (((+ {-3}) < (+ {1})) || (-3 > ?)))
  Report: OK.
->integer_constant(1)
  Expression currently specified: (((3 < -1) || (True > 3)) && (((+ {-3}) < (+ {1})) || (-3 > 1)))
  Report: OK.
->type_check
  Expression currently specified: (((3 < -1) || (True > 3)) && (((+ {-3}) < (+ {1})) || (-3 > 1)))
  Report: (((3 < -1) || (True > 3)) && (((+ {-3}) < (+ {1})) || (-3 > 1))) is not type-correct.
->evaluate
  Expression currently specified: (((3 < -1) || (True > 3)) && (((+ {-3}) < (+ {1})) || (-3 > 1)))
  Report: Error (Expression is not type-correct).
