  Expression currently specified: ?
  Report: Expression is initialized.
->union
  Expression currently specified: (? \/ nil)
  Report: OK.
->open_set_enumeration
  Expression currently specified: ({?} \/ nil)
  Report: OK.
->integer_constant(1)
  Expression currently specified: ({1, ?} \/ nil)
  Report: OK.
->integer_constant(2)
  Expression currently specified: ({1, 2, ?} \/ nil)
  Report: OK.
->integer_constant(3)
  Expression currently specified: ({1, 2, 3, ?} \/ nil)
  Report: OK.
->close_set_enumeration
  Expression currently specified: ({1, 2, 3} \/ ?)
  Report: OK.
->open_set_enumeration
  Expression currently specified: ({1, 2, 3} \/ {?})
  Report: OK.
->integer_constant(3)
  Expression currently specified: ({1, 2, 3} \/ {3, ?})
  Report: OK.
->integer_constant(4)
  Expression currently specified: ({1, 2, 3} \/ {3, 4, ?})
  Report: OK.
->integer_constant(5)
  Expression currently specified: ({1, 2, 3} \/ {3, 4, 5, ?})
  Report: OK.
->close_set_enumeration
  Expression currently specified: ({1, 2, 3} \/ {3, 4, 5})
  Report: OK.
->type_check
  Expression currently specified: ({1, 2, 3} \/ {3, 4, 5})
  Report: ({1, 2, 3} \/ {3, 4, 5}) is type-correct.
->evaluate
  Expression currently specified: ({1, 2, 3} \/ {3, 4, 5})
  Report: {1, 2, 3, 4, 5}
->reset
  Expression currently specified: ?
  Report: OK.
->intersect
  Expression currently specified: (? /\ nil)
  Report: OK.
->open_set_enumeration
  Expression currently specified: ({?} /\ nil)
  Report: OK.
->integer_constant(1)
  Expression currently specified: ({1, ?} /\ nil)
  Report: OK.
->integer_constant(2)
  Expression currently specified: ({1, 2, ?} /\ nil)
  Report: OK.
->integer_constant(3)
  Expression currently specified: ({1, 2, 3, ?} /\ nil)
  Report: OK.
->close_set_enumeration
  Expression currently specified: ({1, 2, 3} /\ ?)
  Report: OK.
->open_set_enumeration
  Expression currently specified: ({1, 2, 3} /\ {?})
  Report: OK.
->integer_constant(3)
  Expression currently specified: ({1, 2, 3} /\ {3, ?})
  Report: OK.
->integer_constant(4)
  Expression currently specified: ({1, 2, 3} /\ {3, 4, ?})
  Report: OK.
->integer_constant(5)
  Expression currently specified: ({1, 2, 3} /\ {3, 4, 5, ?})
  Report: OK.
->close_set_enumeration
  Expression currently specified: ({1, 2, 3} /\ {3, 4, 5})
  Report: OK.
->type_check
  Expression currently specified: ({1, 2, 3} /\ {3, 4, 5})
  Report: ({1, 2, 3} /\ {3, 4, 5}) is type-correct.
->evaluate
  Expression currently specified: ({1, 2, 3} /\ {3, 4, 5})
  Report: {3}
->reset
  Expression currently specified: ?
  Report: OK.
->difference
  Expression currently specified: (? \ nil)
  Report: OK.
->open_set_enumeration
  Expression currently specified: ({?} \ nil)
  Report: OK.
->integer_constant(1)
  Expression currently specified: ({1, ?} \ nil)
  Report: OK.
->integer_constant(2)
  Expression currently specified: ({1, 2, ?} \ nil)
  Report: OK.
->integer_constant(3)
  Expression currently specified: ({1, 2, 3, ?} \ nil)
  Report: OK.
->close_set_enumeration
  Expression currently specified: ({1, 2, 3} \ ?)
  Report: OK.
->open_set_enumeration
  Expression currently specified: ({1, 2, 3} \ {?})
  Report: OK.
->integer_constant(3)
  Expression currently specified: ({1, 2, 3} \ {3, ?})
  Report: OK.
->integer_constant(4)
  Expression currently specified: ({1, 2, 3} \ {3, 4, ?})
  Report: OK.
->integer_constant(5)
  Expression currently specified: ({1, 2, 3} \ {3, 4, 5, ?})
  Report: OK.
->close_set_enumeration
  Expression currently specified: ({1, 2, 3} \ {3, 4, 5})
  Report: OK.
->type_check
  Expression currently specified: ({1, 2, 3} \ {3, 4, 5})
  Report: ({1, 2, 3} \ {3, 4, 5}) is type-correct.
->evaluate
  Expression currently specified: ({1, 2, 3} \ {3, 4, 5})
  Report: {1, 2}
->reset
  Expression currently specified: ?
  Report: OK.
->difference
  Expression currently specified: (? \ nil)
  Report: OK.
->open_set_enumeration
  Expression currently specified: ({?} \ nil)
  Report: OK.
->integer_constant(3)
  Expression currently specified: ({3, ?} \ nil)
  Report: OK.
->integer_constant(4)
  Expression currently specified: ({3, 4, ?} \ nil)
  Report: OK.
->integer_constant(5)
  Expression currently specified: ({3, 4, 5, ?} \ nil)
  Report: OK.
->close_set_enumeration
  Expression currently specified: ({3, 4, 5} \ ?)
  Report: OK.
->open_set_enumeration
  Expression currently specified: ({3, 4, 5} \ {?})
  Report: OK.
->integer_constant(1)
  Expression currently specified: ({3, 4, 5} \ {1, ?})
  Report: OK.
->integer_constant(2)
  Expression currently specified: ({3, 4, 5} \ {1, 2, ?})
  Report: OK.
->integer_constant(3)
  Expression currently specified: ({3, 4, 5} \ {1, 2, 3, ?})
  Report: OK.
->close_set_enumeration
  Expression currently specified: ({3, 4, 5} \ {1, 2, 3})
  Report: OK.
->type_check
  Expression currently specified: ({3, 4, 5} \ {1, 2, 3})
  Report: ({3, 4, 5} \ {1, 2, 3}) is type-correct.
->evaluate
  Expression currently specified: ({3, 4, 5} \ {1, 2, 3})
  Report: {4, 5}
